**********************
Début de la transcription Windows PowerShell
Heure de début : 20190621183023
Nom d'utilisateur : LENOVO-PC\Proprio
Utilisateur RunAs : LENOVO-PC\Proprio
Ordinateur : LENOVO-PC (Microsoft Windows NT 6.3.9600.0)
Application hôte : C:\Windows\System32\WindowsPowerShell\v1.0\powershell.exe
ID de processus : 9716
**********************
Transcription démarrée, le fichier de sortie est D:\Devcenter\sources\SuperAdmi
n3264\powershell\testLog.txt

PS D:\Devcenter\sources\SuperAdmin3264\powershell\test> .\Test-IndexIPV4.ps1
D:\Devcenter\sources\SuperAdmin3264\powershell\test\Log.txt
Transcription démarrée, le fichier de sortie est D:\Devcenter\sources\SuperAdmi
n3264\powershell\test\Log.txt

PS D:\Devcenter\sources\SuperAdmin3264\powershell\test> .\Test-IndexIPV4.ps1
Transcription démarrée, le fichier de sortie est D:\Devcenter\sources\SuperAdmi
n3264\powershell\test\Log.txt
PSScriptRoot : Le terme «PSScriptRoot» n'est pas reconnu comme nom d'applet de
commande, fonction, fichier de script ou programme exécutable. Vérifiez
l'orthographe du nom, ou si un chemin d'accès existe, vérifiez que le chemin
d'accès est correct et réessayez.
Au caractère
D:\Devcenter\sources\SuperAdmin3264\powershell\test\Test-IndexIPV4.ps1:8 : 20
+   $ModuleAtester = PSScriptRoot + '\..\Modules\'
+                    ~~~~~~~~~~~~
    + CategoryInfo          : ObjectNotFound: (PSScriptRoot:String) [], Comman
   dNotFoundException
    + FullyQualifiedErrorId : CommandNotFoundException


PS D:\Devcenter\sources\SuperAdmin3264\powershell\test> .\Test-IndexIPV4.ps1
Transcription démarrée, le fichier de sortie est D:\Devcenter\sources\SuperAdmi
n3264\powershell\test\Log.txt
Write-OutputModule à tester : $(ModuleAtester) : Le terme «Write-OutputModule
à tester : $(ModuleAtester)» n'est pas reconnu comme nom d'applet de commande,
fonction, fichier de script ou programme exécutable. Vérifiez l'orthographe du
nom, ou si un chemin d'accès existe, vérifiez que le chemin d'accès est
correct et réessayez.
Au caractère
D:\Devcenter\sources\SuperAdmin3264\powershell\test\Test-IndexIPV4.ps1:9 : 3
+   Write-Output"Module à tester : $(ModuleAtester)"
+   ~~~~~~~~~~~~~~~~~~~~~~~~~~~~~~~~~~~~~~~~~~~~~~~~
    + CategoryInfo          : ObjectNotFound: (Write-OutputMod...(ModuleAteste
   r):String) [], CommandNotFoundException
    + FullyQualifiedErrorId : CommandNotFoundException


PS D:\Devcenter\sources\SuperAdmin3264\powershell\test> .\Test-IndexIPV4.ps1
Transcription démarrée, le fichier de sortie est D:\Devcenter\sources\SuperAdmi
n3264\powershell\test\Log.txt
ModuleAtester : Le terme «ModuleAtester» n'est pas reconnu comme nom d'applet
de commande, fonction, fichier de script ou programme exécutable. Vérifiez
l'orthographe du nom, ou si un chemin d'accès existe, vérifiez que le chemin
d'accès est correct et réessayez.
Au caractère
D:\Devcenter\sources\SuperAdmin3264\powershell\test\Test-IndexIPV4.ps1:9 : 37
+   Write-Output "Module à tester : $(ModuleAtester)"
+                                     ~~~~~~~~~~~~~
    + CategoryInfo          : ObjectNotFound: (ModuleAtester:String) [], Comma
   ndNotFoundException
    + FullyQualifiedErrorId : CommandNotFoundException


PS D:\Devcenter\sources\SuperAdmin3264\powershell\test> .\Test-IndexIPV4.ps1
Transcription démarrée, le fichier de sortie est D:\Devcenter\sources\SuperAdmi
n3264\powershell\test\Log.txt
Module à tester :
+
D:\Devcenter\sources\SuperAdmin3264\powershell\test\..\Modules\

PS D:\Devcenter\sources\SuperAdmin3264\powershell\test> .\Test-IndexIPV4.ps1
Transcription démarrée, le fichier de sortie est D:\Devcenter\sources\SuperAdmi
n3264\powershell\test\Log.txt
Module à tester : D:\Devcenter\sources\SuperAdmin3264\powershell\test\..\Module
s\

PS D:\Devcenter\sources\SuperAdmin3264\powershell\test> .\Test-IndexIPV4.ps1
Transcription démarrée, le fichier de sortie est D:\Devcenter\sources\SuperAdmi
n3264\powershell\test\Log.txt
Module à tester : D:\Devcenter\sources\SuperAdmin3264\powershell\test\..\Module
s\

PS D:\Devcenter\sources\SuperAdmin3264\powershell\test> Erreur de terminaison (Import-Module) : « Impossible de lier le paramètre, car le paramètre « Force » est spécifié plusieurs fois. Pour fournir plusieurs valeurs aux paramètres qui les acceptent, utilisez la syntaxe de tableau. Par exemple, « -parameter valeur1,valeur2,valeur3 ». »
Import-Module : Impossible de lier le paramètre, car le paramètre «Force» est
spécifié plusieurs fois. Pour fournir plusieurs valeurs aux paramètres qui les
acceptent, utilisez la syntaxe de tableau. Par exemple, «-parameter
valeur1,valeur2,valeur3».
Au caractère
D:\Devcenter\sources\SuperAdmin3264\powershell\test\Test-IndexIPV4.ps1:11 : 72
+   Import-Module $ModuleAtester -name .\LabSA3264.psm1 -Force -Verbose  -Force
+                                                                        ~~~~~~
    + CategoryInfo          : InvalidArgument : (:) [Import-Module], Parameter
   BindingException
    + FullyQualifiedErrorId : ParameterAlreadyBound,Microsoft.PowerShell.Comma
   nds.ImportModuleCommand


PS D:\Devcenter\sources\SuperAdmin3264\powershell\test> .\Test-IndexIPV4.ps1
Transcription démarrée, le fichier de sortie est D:\Devcenter\sources\SuperAdmi
n3264\powershell\test\Log.txt
Module à tester : D:\Devcenter\sources\SuperAdmin3264\powershell\test\..\Module
s\
Import-Module : Le module «
D:\Devcenter\sources\SuperAdmin3264\powershell\test\..\Modules\» spécifié n'a
pas été chargé, car aucun fichier de module valide n'a été trouvé dans un
répertoire de module.
Au caractère
D:\Devcenter\sources\SuperAdmin3264\powershell\test\Test-IndexIPV4.ps1:11 : 3
+   Import-Module -name  $ModuleAtester -Force -Verbose
+   ~~~~~~~~~~~~~~~~~~~~~~~~~~~~~~~~~~~~~~~~~~~~~~~~~~~
    + CategoryInfo          : ResourceUnavailable: (D:\Devcenter\so...est\..\M
   odules\:String) [Import-Module], FileNotFoundException
    + FullyQualifiedErrorId : Modules_ModuleNotFound,Microsoft.PowerShell.Comm
   ands.ImportModuleCommand


PS D:\Devcenter\sources\SuperAdmin3264\powershell\test> .\Test-IndexIPV4.ps1
Transcription démarrée, le fichier de sortie est D:\Devcenter\sources\SuperAdmi
n3264\powershell\test\Log.txt
Module à tester : D:\Devcenter\sources\SuperAdmin3264\powershell\test\..\Module
s\
Import-Module : Le module «
D:\Devcenter\sources\SuperAdmin3264\powershell\test\..\Modules\» spécifié n'a
pas été chargé, car aucun fichier de module valide n'a été trouvé dans un
répertoire de module.
Au caractère
D:\Devcenter\sources\SuperAdmin3264\powershell\test\Test-IndexIPV4.ps1:11 : 3
+   Import-Module -name  $ModuleAtester -Force -Verbose
+   ~~~~~~~~~~~~~~~~~~~~~~~~~~~~~~~~~~~~~~~~~~~~~~~~~~~
    + CategoryInfo          : ResourceUnavailable: (D:\Devcenter\so...est\..\M
   odules\:String) [Import-Module], FileNotFoundException
    + FullyQualifiedErrorId : Modules_ModuleNotFound,Microsoft.PowerShell.Comm
   ands.ImportModuleCommand


PS D:\Devcenter\sources\SuperAdmin3264\powershell\test> .\Test-IndexIPV4.ps1
Transcription démarrée, le fichier de sortie est D:\Devcenter\sources\SuperAdmi
n3264\powershell\test\Log.txt
Module à tester : D:\Devcenter\sources\SuperAdmin3264\powershell\test\..\Module
s\
Import-Module : Le module «
D:\Devcenter\sources\SuperAdmin3264\powershell\test\..\Modules\» spécifié n'a
pas été chargé, car aucun fichier de module valide n'a été trouvé dans un
répertoire de module.
Au caractère
D:\Devcenter\sources\SuperAdmin3264\powershell\test\Test-IndexIPV4.ps1:11 : 3
+   Import-Module -name  $ModuleAtester -Force -Verbose
+   ~~~~~~~~~~~~~~~~~~~~~~~~~~~~~~~~~~~~~~~~~~~~~~~~~~~
    + CategoryInfo          : ResourceUnavailable: (D:\Devcenter\so...est\..\M
   odules\:String) [Import-Module], FileNotFoundException
    + FullyQualifiedErrorId : Modules_ModuleNotFound,Microsoft.PowerShell.Comm
   ands.ImportModuleCommand


PS D:\Devcenter\sources\SuperAdmin3264\powershell\test> .\Test-IndexIPV4.ps1
Transcription démarrée, le fichier de sortie est D:\Devcenter\sources\SuperAdmi
n3264\powershell\test\Log.txt
Module à tester : D:\Devcenter\sources\SuperAdmin3264\powershell\test\..\Module
s\
Import-Module : Le module «
D:\Devcenter\sources\SuperAdmin3264\powershell\test\..\Modules\» spécifié n'a
pas été chargé, car aucun fichier de module valide n'a été trouvé dans un
répertoire de module.
Au caractère
D:\Devcenter\sources\SuperAdmin3264\powershell\test\Test-IndexIPV4.ps1:11 : 3
+   Import-Module -name  $ModuleAtester -Force -Verbose
+   ~~~~~~~~~~~~~~~~~~~~~~~~~~~~~~~~~~~~~~~~~~~~~~~~~~~
    + CategoryInfo          : ResourceUnavailable: (D:\Devcenter\so...est\..\M
   odules\:String) [Import-Module], FileNotFoundException
    + FullyQualifiedErrorId : Modules_ModuleNotFound,Microsoft.PowerShell.Comm
   ands.ImportModuleCommand

Transcription arrêtée, le fichier de sortie est D:\Devcenter\sources\SuperAdmin
3264\powershell\test\Log.txt

PS D:\Devcenter\sources\SuperAdmin3264\powershell\test> .\Test-IndexIPV4.ps1
Transcription démarrée, le fichier de sortie est D:\Devcenter\sources\SuperAdmi
n3264\powershell\test\Log.txt
Module à tester : D:\Devcenter\sources\SuperAdmin3264\powershell\test\..\Module
s\
Import-Module : Le module «
D:\Devcenter\sources\SuperAdmin3264\powershell\test\..\Modules\» spécifié n'a
pas été chargé, car aucun fichier de module valide n'a été trouvé dans un
répertoire de module.
Au caractère
D:\Devcenter\sources\SuperAdmin3264\powershell\test\Test-IndexIPV4.ps1:11 : 3
+   Import-Module -name  $ModuleAtester -Force -Verbose
+   ~~~~~~~~~~~~~~~~~~~~~~~~~~~~~~~~~~~~~~~~~~~~~~~~~~~
    + CategoryInfo          : ResourceUnavailable: (D:\Devcenter\so...est\..\M
   odules\:String) [Import-Module], FileNotFoundException
    + FullyQualifiedErrorId : Modules_ModuleNotFound,Microsoft.PowerShell.Comm
   ands.ImportModuleCommand

Transcription arrêtée, le fichier de sortie est D:\Devcenter\sources\SuperAdmin
3264\powershell\test\Log.txt

PS D:\Devcenter\sources\SuperAdmin3264\powershell\test> .\Test-IndexIPV4.ps1
Transcription démarrée, le fichier de sortie est D:\Devcenter\sources\SuperAdmi
n3264\powershell\test\Log.txt
Module à tester : D:\Devcenter\sources\SuperAdmin3264\powershell\test\..\Module
s\
Import-Module : Le module «
D:\Devcenter\sources\SuperAdmin3264\powershell\test\..\Modules\» spécifié n'a
pas été chargé, car aucun fichier de module valide n'a été trouvé dans un
répertoire de module.
Au caractère
D:\Devcenter\sources\SuperAdmin3264\powershell\test\Test-IndexIPV4.ps1:11 : 3
+   Import-Module -name  $ModuleAtester -Force -Verbose
+   ~~~~~~~~~~~~~~~~~~~~~~~~~~~~~~~~~~~~~~~~~~~~~~~~~~~
    + CategoryInfo          : ResourceUnavailable: (D:\Devcenter\so...est\..\M
   odules\:String) [Import-Module], FileNotFoundException
    + FullyQualifiedErrorId : Modules_ModuleNotFound,Microsoft.PowerShell.Comm
   ands.ImportModuleCommand

Transcription arrêtée, le fichier de sortie est D:\Devcenter\sources\SuperAdmin
3264\powershell\test\Log.txt

PS D:\Devcenter\sources\SuperAdmin3264\powershell\test> exit
**********************
Fin de la transcription Windows PowerShell
Heure de fin : 20190621185443
**********************
